
> game-count-system@1.0.1 build
> next build

  Γû▓ Next.js 14.2.33
  - Environments: .env

   Creating an optimized production build ...
node.exe : 
At C:\Program Files\nodejs\npm.ps1:29 char:3
+   & $NODE_EXE $NPM_CLI_JS $args
+   ~~~~~~~~~~~~~~~~~~~~~~~~~~~~~
    + CategoryInfo          : NotSpecified: (:String) [], RemoteException
    + FullyQualifiedErrorId : NativeCommandError
 
[1m[33mwarn[39m[22m - The `darkMode` option in your Tailwind CSS configuration is set 
to `false`, which now behaves the same as `media`.
[1m[33mwarn[39m[22m - Change `darkMode` to `media` or remove it entirely.
[1m[33mwarn[39m[22m - 
https://tailwindcss.com/docs/upgrade-guide#remove-dark-mode-configuration
 Γ£ô Compiled successfully
   Linting and checking validity of types ...
   Collecting page data ...
ΓÜá∩╕Å  Email service not configured. Email features will be disabled.
   Set SMTP_HOST, SMTP_PORT, SMTP_USER, SMTP_PASSWORD in .env
 ΓÜá Using edge runtime on a page currently disables static generation for that page
   Generating static pages (0/34) ...
   Generating static pages (8/34) 
Error fetching user: B [Error]: Dynamic server usage: Route /api/auth/me couldn't be 
rendered statically because it used `request.headers`. See more info here: 
https://nextjs.org/docs/messages/dynamic-server-error
    at V (C:\Users\DANIEL\Documents\Website Projects\game-count-system\game-count-system\no
de_modules\next\dist\compiled\next-server\app-route.runtime.prod.js:6:21778)
    at Object.get (C:\Users\DANIEL\Documents\Website Projects\game-count-system\game-count-
system\node_modules\next\dist\compiled\next-server\app-route.runtime.prod.js:6:29465)
    at C:\Users\DANIEL\Documents\Website 
Projects\game-count-system\game-count-system\.next\server\app\api\auth\me\route.js:4:918
    at s (C:\Users\DANIEL\Documents\Website 
Projects\game-count-system\game-count-system\.next\server\app\api\auth\me\route.js:4:1002)
    at u (C:\Users\DANIEL\Documents\Website 
Projects\game-count-system\game-count-system\.next\server\app\api\auth\me\route.js:1:1386)
    at C:\Users\DANIEL\Documents\Website Projects\game-count-system\game-count-system\node_
modules\next\dist\compiled\next-server\app-route.runtime.prod.js:6:38417
    at C:\Users\DANIEL\Documents\Website Projects\game-count-system\game-count-system\node_
modules\next\dist\server\lib\trace\tracer.js:140:36
    at NoopContextManager.with (C:\Users\DANIEL\Documents\Website Projects\game-count-syste
m\game-count-system\node_modules\next\dist\compiled\@opentelemetry\api\index.js:1:7062)
    at ContextAPI.with (C:\Users\DANIEL\Documents\Website Projects\game-count-system\game-c
ount-system\node_modules\next\dist\compiled\@opentelemetry\api\index.js:1:518)
    at NoopTracer.startActiveSpan (C:\Users\DANIEL\Documents\Website Projects\game-count-sy
stem\game-count-system\node_modules\next\dist\compiled\@opentelemetry\api\index.js:1:18093)
 {
  description: "Route /api/auth/me couldn't be rendered statically because it used 
`request.headers`. See more info here: 
https://nextjs.org/docs/messages/dynamic-server-error",
  digest: 'DYNAMIC_SERVER_USAGE'
}
List events error: B [Error]: Dynamic server usage: Route /api/events/list couldn't be 
rendered statically because it used `request.headers`. See more info here: 
https://nextjs.org/docs/messages/dynamic-server-error
    at V (C:\Users\DANIEL\Documents\Website Projects\game-count-system\game-count-system\no
de_modules\next\dist\compiled\next-server\app-route.runtime.prod.js:6:21778)
    at Object.get (C:\Users\DANIEL\Documents\Website Projects\game-count-system\game-count-
system\node_modules\next\dist\compiled\next-server\app-route.runtime.prod.js:6:29465)
    at C:\Users\DANIEL\Documents\Website 
Projects\game-count-system\game-count-system\.next\server\app\api\auth\me\route.js:4:918
    at s (C:\Users\DANIEL\Documents\Website 
Projects\game-count-system\game-count-system\.next\server\app\api\auth\me\route.js:4:1002)
    at c (C:\Users\DANIEL\Documents\Website Projects\game-count-system\game-count-system\.n
ext\server\app\api\events\list\route.js:1:1417)
    at C:\Users\DANIEL\Documents\Website Projects\game-count-system\game-count-system\node_
modules\next\dist\compiled\next-server\app-route.runtime.prod.js:6:38417
    at C:\Users\DANIEL\Documents\Website Projects\game-count-system\game-count-system\node_
modules\next\dist\server\lib\trace\tracer.js:140:36
    at NoopContextManager.with (C:\Users\DANIEL\Documents\Website Projects\game-count-syste
m\game-count-system\node_modules\next\dist\compiled\@opentelemetry\api\index.js:1:7062)
    at ContextAPI.with (C:\Users\DANIEL\Documents\Website Projects\game-count-system\game-c
ount-system\node_modules\next\dist\compiled\@opentelemetry\api\index.js:1:518)
    at NoopTracer.startActiveSpan (C:\Users\DANIEL\Documents\Website Projects\game-count-sy
stem\game-count-system\node_modules\next\dist\compiled\@opentelemetry\api\index.js:1:18093)
 {
  description: "Route /api/events/list couldn't be rendered statically because it used 
`request.headers`. See more info here: 
https://nextjs.org/docs/messages/dynamic-server-error",
  digest: 'DYNAMIC_SERVER_USAGE'
}
Error fetching status notifications: B [Error]: Dynamic server usage: Route 
/api/events/status-notifications couldn't be rendered statically because it used 
`request.headers`. See more info here: 
https://nextjs.org/docs/messages/dynamic-server-error
    at V (C:\Users\DANIEL\Documents\Website Projects\game-count-system\game-count-system\no
de_modules\next\dist\compiled\next-server\app-route.runtime.prod.js:6:21778)
    at Object.get (C:\Users\DANIEL\Documents\Website Projects\game-count-system\game-count-
system\node_modules\next\dist\compiled\next-server\app-route.runtime.prod.js:6:29465)
    at u (C:\Users\DANIEL\Documents\Website Projects\game-count-system\game-count-system\.n
ext\server\app\api\events\status-notifications\route.js:1:1326)
    at C:\Users\DANIEL\Documents\Website Projects\game-count-system\game-count-system\node_
modules\next\dist\compiled\next-server\app-route.runtime.prod.js:6:38417
    at C:\Users\DANIEL\Documents\Website Projects\game-count-system\game-count-system\node_
modules\next\dist\server\lib\trace\tracer.js:140:36
    at NoopContextManager.with (C:\Users\DANIEL\Documents\Website Projects\game-count-syste
m\game-count-system\node_modules\next\dist\compiled\@opentelemetry\api\index.js:1:7062)
    at ContextAPI.with (C:\Users\DANIEL\Documents\Website Projects\game-count-system\game-c
ount-system\node_modules\next\dist\compiled\@opentelemetry\api\index.js:1:518)
    at NoopTracer.startActiveSpan (C:\Users\DANIEL\Documents\Website Projects\game-count-sy
stem\game-count-system\node_modules\next\dist\compiled\@opentelemetry\api\index.js:1:18093)
    at ProxyTracer.startActiveSpan (C:\Users\DANIEL\Documents\Website Projects\game-count-s
ystem\game-count-system\node_modules\next\dist\compiled\@opentelemetry\api\index.js:1:18854
)
    at C:\Users\DANIEL\Documents\Website Projects\game-count-system\game-count-system\node_
modules\next\dist\server\lib\trace\tracer.js:122:103 {
  description: "Route /api/events/status-notifications couldn't be rendered statically 
because it used `request.headers`. See more info here: 
https://nextjs.org/docs/messages/dynamic-server-error",
  digest: 'DYNAMIC_SERVER_USAGE'
}
   Generating static pages (16/34) 
Get scores by event error: B [Error]: Dynamic server usage: Route /api/scores/by-event 
couldn't be rendered statically because it used `request.headers`. See more info here: 
https://nextjs.org/docs/messages/dynamic-server-error
    at V (C:\Users\DANIEL\Documents\Website Projects\game-count-system\game-count-system\no
de_modules\next\dist\compiled\next-server\app-route.runtime.prod.js:6:21778)
    at Object.get (C:\Users\DANIEL\Documents\Website Projects\game-count-system\game-count-
system\node_modules\next\dist\compiled\next-server\app-route.runtime.prod.js:6:29465)
    at C:\Users\DANIEL\Documents\Website Projects\game-count-system\game-count-system\.next
\server\app\api\invitations\[token]\accept\route.js:4:918
    at s (C:\Users\DANIEL\Documents\Website Projects\game-count-system\game-count-system\.n
ext\server\app\api\invitations\[token]\accept\route.js:4:1002)
    at l (C:\Users\DANIEL\Documents\Website Projects\game-count-system\game-count-system\.n
ext\server\app\api\scores\by-event\route.js:1:1436)
    at C:\Users\DANIEL\Documents\Website Projects\game-count-system\game-count-system\node_
modules\next\dist\compiled\next-server\app-route.runtime.prod.js:6:38417
    at C:\Users\DANIEL\Documents\Website Projects\game-count-system\game-count-system\node_
modules\next\dist\server\lib\trace\tracer.js:140:36
    at NoopContextManager.with (C:\Users\DANIEL\Documents\Website Projects\game-count-syste
m\game-count-system\node_modules\next\dist\compiled\@opentelemetry\api\index.js:1:7062)
    at ContextAPI.with (C:\Users\DANIEL\Documents\Website Projects\game-count-system\game-c
ount-system\node_modules\next\dist\compiled\@opentelemetry\api\index.js:1:518)
    at NoopTracer.startActiveSpan (C:\Users\DANIEL\Documents\Website Projects\game-count-sy
stem\game-count-system\node_modules\next\dist\compiled\@opentelemetry\api\index.js:1:18093)
 {
  description: "Route /api/scores/by-event couldn't be rendered statically because it used 
`request.headers`. See more info here: 
https://nextjs.org/docs/messages/dynamic-server-error",
  digest: 'DYNAMIC_SERVER_USAGE'
}
List teams error: B [Error]: Dynamic server usage: Route /api/teams/list couldn't be 
rendered statically because it used `request.headers`. See more info here: 
https://nextjs.org/docs/messages/dynamic-server-error
    at V (C:\Users\DANIEL\Documents\Website Projects\game-count-system\game-count-system\no
de_modules\next\dist\compiled\next-server\app-route.runtime.prod.js:6:21778)
    at Object.get (C:\Users\DANIEL\Documents\Website Projects\game-count-system\game-count-
system\node_modules\next\dist\compiled\next-server\app-route.runtime.prod.js:6:29465)
    at C:\Users\DANIEL\Documents\Website Projects\game-count-system\game-count-system\.next
\server\app\api\invitations\[token]\accept\route.js:4:918
    at s (C:\Users\DANIEL\Documents\Website Projects\game-count-system\game-count-system\.n
ext\server\app\api\invitations\[token]\accept\route.js:4:1002)
    at l (C:\Users\DANIEL\Documents\Website Projects\game-count-system\game-count-system\.n
ext\server\app\api\teams\list\route.js:1:1412)
    at C:\Users\DANIEL\Documents\Website Projects\game-count-system\game-count-system\node_
modules\next\dist\compiled\next-server\app-route.runtime.prod.js:6:38417
    at C:\Users\DANIEL\Documents\Website Projects\game-count-system\game-count-system\node_
modules\next\dist\server\lib\trace\tracer.js:140:36
    at NoopContextManager.with (C:\Users\DANIEL\Documents\Website Projects\game-count-syste
m\game-count-system\node_modules\next\dist\compiled\@opentelemetry\api\index.js:1:7062)
    at ContextAPI.with (C:\Users\DANIEL\Documents\Website Projects\game-count-system\game-c
ount-system\node_modules\next\dist\compiled\@opentelemetry\api\index.js:1:518)
    at NoopTracer.startActiveSpan (C:\Users\DANIEL\Documents\Website Projects\game-count-sy
stem\game-count-system\node_modules\next\dist\compiled\@opentelemetry\api\index.js:1:18093)
 {
  description: "Route /api/teams/list couldn't be rendered statically because it used 
`request.headers`. See more info here: 
https://nextjs.org/docs/messages/dynamic-server-error",
  digest: 'DYNAMIC_SERVER_USAGE'
}
   Generating static pages (25/34) 
Error fetching public events: error: column e.status does not exist
    at C:\Users\DANIEL\Documents\Website 
Projects\game-count-system\game-count-system\node_modules\pg\lib\client.js:545:17
    at process.processTicksAndRejections (node:internal/process/task_queues:105:5)
    at async r (C:\Users\DANIEL\Documents\Website 
Projects\game-count-system\game-count-system\.next\server\chunks\9487.js:1:591)
    at async Object.getPublicEvents (C:\Users\DANIEL\Documents\Website 
Projects\game-count-system\game-count-system\.next\server\chunks\9487.js:271:39)
    at async i (C:\Users\DANIEL\Documents\Website Projects\game-count-system\game-count-sys
tem\.next\server\app\api\public\events\route.js:1:1242)
    at async C:\Users\DANIEL\Documents\Website Projects\game-count-system\game-count-system
\node_modules\next\dist\compiled\next-server\app-route.runtime.prod.js:6:38411
    at async e_.execute (C:\Users\DANIEL\Documents\Website Projects\game-count-system\game-
count-system\node_modules\next\dist\compiled\next-server\app-route.runtime.prod.js:6:27880)
    at async e_.handle (C:\Users\DANIEL\Documents\Website Projects\game-count-system\game-c
ount-system\node_modules\next\dist\compiled\next-server\app-route.runtime.prod.js:6:39943)
    at async exportAppRoute (C:\Users\DANIEL\Documents\Website Projects\game-count-system\g
ame-count-system\node_modules\next\dist\export\routes\app-route.js:77:26)
    at async exportPageImpl (C:\Users\DANIEL\Documents\Website Projects\game-count-system\g
ame-count-system\node_modules\next\dist\export\worker.js:175:20) {
  length: 107,
  severity: 'ERROR',
  code: '42703',
  detail: undefined,
  hint: undefined,
  position: '315',
  internalPosition: undefined,
  internalQuery: undefined,
  where: undefined,
  schema: undefined,
  table: undefined,
  column: undefined,
  dataType: undefined,
  constraint: undefined,
  file: 'parse_relation.c',
  line: '3822',
  routine: 'errorMissingColumn'
}
 Γ£ô Generating static pages (34/34)
   Finalizing page optimization ...
   Collecting build traces ...

Route (app)                                Size     First Load JS
Γöî Γùï /                                      6.77 kB         103 kB
Γö£ Γùï /_not-found                            876 B          88.4 kB
Γö£ ╞Æ /api/auth/forgot-password              0 B                0 B
Γö£ ╞Æ /api/auth/login                        0 B                0 B
Γö£ ╞Æ /api/auth/me                           0 B                0 B
Γö£ ╞Æ /api/auth/refresh                      0 B                0 B
Γö£ ╞Æ /api/auth/register                     0 B                0 B
Γö£ ╞Æ /api/auth/reset-password               0 B                0 B
Γö£ ╞Æ /api/auth/validate-password            0 B                0 B
Γö£ ╞Æ /api/cron/deactivate-expired-events    0 B                0 B
Γö£ ╞Æ /api/cron/update-event-statuses        0 B                0 B
Γö£ Γùï /api/docs                              0 B                0 B
Γö£ ╞Æ /api/events/[eventId]                  0 B                0 B
Γö£ ╞Æ /api/events/[eventId]/admins           0 B                0 B
Γö£ ╞Æ /api/events/[eventId]/admins/activity  0 B                0 B
Γö£ ╞Æ /api/events/[eventId]/admins/invite    0 B                0 B
Γö£ ╞Æ /api/events/[eventId]/history          0 B                0 B
Γö£ ╞Æ /api/events/[eventId]/scores           0 B                0 B
Γö£ ╞Æ /api/events/[eventId]/share            0 B                0 B
Γö£ ╞Æ /api/events/[eventId]/share-link       0 B                0 B
Γö£ ╞Æ /api/events/[eventId]/stream           0 B                0 B
Γö£ ╞Æ /api/events/[eventId]/teams            0 B                0 B
Γö£ ╞Æ /api/events/create                     0 B                0 B
Γö£ ╞Æ /api/events/create-from-template       0 B                0 B
Γö£ ╞Æ /api/events/list                       0 B                0 B
Γö£ ╞Æ /api/events/status-notifications       0 B                0 B
Γö£ ╞Æ /api/events/update                     0 B                0 B
Γö£ ╞Æ /api/events/update-statuses            0 B                0 B
Γö£ ╞Æ /api/export/csv/[eventId]              0 B                0 B
Γö£ ╞Æ /api/export/pdf/[eventId]              0 B                0 B
Γö£ ╞Æ /api/health                            0 B                0 B
Γö£ ╞Æ /api/invitations/[token]/accept        0 B                0 B
Γö£ ╞Æ /api/public/[token]                    0 B                0 B
Γö£ ╞Æ /api/public/events                     0 B                0 B
Γö£ ╞Æ /api/public/scoreboard/[token]         0 B                0 B
Γö£ ╞Æ /api/public/verify/[token]             0 B                0 B
Γö£ ╞Æ /api/scores/add                        0 B                0 B
Γö£ ╞Æ /api/scores/by-event                   0 B                0 B
Γö£ ╞Æ /api/teams/add                         0 B                0 B
Γö£ ╞Æ /api/teams/check-name                  0 B                0 B
Γö£ ╞Æ /api/teams/list                        0 B                0 B
Γö£ ╞Æ /api/templates                         0 B                0 B
Γö£ ╞Æ /api/templates/[templateId]            0 B                0 B
Γö£ ╞Æ /api/upload                            0 B                0 B
Γö£ ╞Æ /api/user/tutorial                     0 B                0 B
Γö£ Γùï /dashboard                             2.98 kB         125 kB
Γö£ ╞Æ /display/[eventId]                     1.98 kB        89.5 kB
Γö£ ╞Æ /event/[eventId]                       137 kB          244 kB
Γö£ ╞Æ /event/[eventId]/history               3.51 kB        99.7 kB
Γö£ Γùï /login                                 4.35 kB         101 kB
Γö£ Γùï /public                                2.86 kB        98.6 kB
Γö£ ╞Æ /public/[token]                        3.05 kB        94.4 kB
Γö£ Γùï /register                              3.19 kB         125 kB
Γöö ╞Æ /scoreboard/[token]                    6.7 kB          103 kB
+ First Load JS shared by all              87.5 kB
  Γö£ chunks/117-72b35a3e7869dcb0.js         31.9 kB
  Γö£ chunks/fd9d1056-b269926aa472f095.js    53.6 kB
  Γöö other shared chunks (total)            1.96 kB


╞Æ Middleware                               26.9 kB

Γùï  (Static)   prerendered as static content
╞Æ  (Dynamic)  server-rendered on demand

